// Jest Snapshot v1, https://goo.gl/fbAQLP

exports[`checking test once again 1`] = `
<View
  style={
    Object {
      "alignItems": "center",
      "backgroundColor": "#e6ffff",
      "flex": 1,
      "justifyContent": "center",
    }
  }
>
  <View
    accessibilityIgnoresInvertColors={true}
    style={
      Object {
        "flex": 1,
        "height": "100%",
        "width": "100%",
      }
    }
  >
    <Image
      resizeMode="cover"
      source={
        Object {
          "testUri": "../../../images/ff.jpg",
        }
      }
      style={
        Array [
          Object {
            "bottom": 0,
            "left": 0,
            "position": "absolute",
            "right": 0,
            "top": 0,
          },
          Object {
            "height": "100%",
            "width": "100%",
          },
          undefined,
        ]
      }
    />
    <TextInput
      allowFontScaling={true}
      autoCapitalize="none"
      onChangeText={[Function]}
      onSubmitEditing={[Function]}
      placeholder="write your views here"
      placeholderTextColor="white"
      rejectResponderTermination={true}
      style={
        Object {
          "borderColor": "#ccf2ff",
          "borderRadius": 30,
          "borderWidth": 2,
          "bottom": 0,
          "color": "white",
          "fontSize": 20,
          "fontStyle": "italic",
          "height": 43,
          "left": 40,
          "opacity": 0.7,
          "textAlign": "center",
          "top": 330,
          "width": 325,
        }
      }
      underlineColorAndroid="transparent"
    />
  </View>
</View>
`;
